src/components/tools/QRDepositCard.tsx(2,21): error TS2307: Cannot find module '@/components/QRModal' or its corresponding type declarations.
src/components/tools/QRDepositCard.tsx(3,24): error TS2307: Cannot find module '@/components/AlertModal' or its corresponding type declarations.
